<html>
<body>
<pre>
<h1>礦ision Build Log</h1>
<h2>Tool Versions:</h2>
IDE-Version: μVision V5.26.2.0
Copyright (C) 2018 ARM Ltd and ARM Germany GmbH. All rights reserved.
License Information: xs Administrator, xss, LIC=JL28G-VJ5PQ-VE6HA-1BQGM-UXXR5-VVUTR
 
Tool Versions:
Toolchain:       MDK-ARM Plus  Version: 5.26.2.0
Toolchain Path:  D:\Program Files\keil5\ARM\ARMCC\Bin
C Compiler:      Armcc.exe V5.06 update 6 (build 750)
Assembler:       Armasm.exe V5.06 update 6 (build 750)
Linker/Locator:  ArmLink.exe V5.06 update 6 (build 750)
Library Manager: ArmAr.exe V5.06 update 6 (build 750)
Hex Converter:   FromElf.exe V5.06 update 6 (build 750)
CPU DLL:         SARMCM3.DLL V5.26.2.0
Dialog DLL:      DCM.DLL V1.17.2.0
Target DLL:      CMSIS_AGDI.dll V1.30.6.0
Dialog DLL:      TCM.DLL V1.36.1.0
 
<h2>Project:</h2>
D:\LearningMaterials\learning materials\冷链车会\2.GPS+SHT30\2.SHT30\2.RCT6+GPS+SHT30(一条线上挂两个SHT30)\GPS_L76_LB+STM32F103RCT6\Project\Temperature.uvprojx
Project File Date:  10/30/2020

<h2>Output:</h2>
*** Using Compiler 'V5.06 update 6 (build 750)', folder: 'D:\Program Files\keil5\ARM\ARMCC\Bin'
Rebuild target 'Target 1'
assembling startup_stm32f10x_hd.s...
compiling stm32f10x_bkp.c...
compiling misc.c...
compiling stm32f10x_adc.c...
compiling stm32f10x_crc.c...
compiling stm32f10x_cec.c...
compiling stm32f10x_dac.c...
compiling stm32f10x_can.c...
compiling stm32f10x_dma.c...
compiling stm32f10x_exti.c...
compiling stm32f10x_flash.c...
compiling stm32f10x_dbgmcu.c...
compiling stm32f10x_i2c.c...
compiling stm32f10x_iwdg.c...
compiling stm32f10x_fsmc.c...
compiling stm32f10x_gpio.c...
compiling stm32f10x_rtc.c...
compiling stm32f10x_pwr.c...
compiling stm32f10x_sdio.c...
compiling stm32f10x_rcc.c...
compiling stm32f10x_usart.c...
compiling stm32f10x_spi.c...
compiling stm32f10x_tim.c...
compiling stm32f10x_wwdg.c...
compiling system_stm32f10x.c...
compiling stm32f10x_it.c...
compiling main.c...
..\User\gps\L76X.h(85): warning:  #1295-D: Deprecated declaration L76X_Baidu_Coordinates - give arg types
  Coordinates L76X_Baidu_Coordinates();
..\User\main.c: 1 warning, 0 errors
compiling SHT30.c...
compiling core_cm3.c...
compiling myiic.c...
..\User\sht30\myiic.c(79): warning:  #223-D: function "printf" declared implicitly
  			printf("超时\n");
..\User\sht30\myiic.c: 1 warning, 0 errors
compiling L76X.c...
..\User\gps\L76X.h(85): warning:  #1295-D: Deprecated declaration L76X_Baidu_Coordinates - give arg types
  Coordinates L76X_Baidu_Coordinates();
..\User\gps\L76X.c(112): warning:  #167-D: argument of type "char *" is incompatible with parameter of type "u8 *"
      Usart3_SendNByte(data,strlen(data));
..\User\gps\L76X.c(114): warning:  #167-D: argument of type "char *" is incompatible with parameter of type "u8 *"
      Usart3_SendNByte(Check_char,strlen(Check_char));
..\User\gps\L76X.c(129): warning:  #177-D: variable "add"  was declared but never referenced
      uint16_t add = 0, x = 0, z = 0, i = 0;
..\User\gps\L76X.c(129): warning:  #177-D: variable "x"  was declared but never referenced
      uint16_t add = 0, x = 0, z = 0, i = 0;
..\User\gps\L76X.c(129): warning:  #177-D: variable "z"  was declared but never referenced
      uint16_t add = 0, x = 0, z = 0, i = 0;
..\User\gps\L76X.c: 6 warnings, 0 errors
compiling delay.c...
compiling sys.c...
compiling usart.c...
linking...
Program Size: Code=10076 RO-data=512 RW-data=52 ZI-data=1836  
FromELF: creating hex file...
"..\Output\Temperature.axf" - 0 Error(s), 8 Warning(s).

<h2>Software Packages used:</h2>

Package Vendor: Keil
                http://www.keil.com/pack/Keil.STM32F1xx_DFP.2.1.0.pack
                Keil.STM32F1xx_DFP.2.1.0
                STMicroelectronics STM32F1 Series Device Support, Drivers and Examples

<h2>Collection of Component include folders:</h2>
  .\RTE\_Target_1
  D:\Program Files\keil5\ARM\PACK\Keil\STM32F1xx_DFP\2.1.0\Device\Include

<h2>Collection of Component Files used:</h2>
Build Time Elapsed:  00:00:09
</pre>
</body>
</html>
